2025-12-30T14:51:03.7708005Z Current runner version: '2.330.0'
2025-12-30T14:51:03.7730619Z ##[group]Runner Image Provisioner
2025-12-30T14:51:03.7731411Z Hosted Compute Agent
2025-12-30T14:51:03.7732082Z Version: 20251211.462
2025-12-30T14:51:03.7732662Z Commit: 6cbad8c2bb55d58165063d031ccabf57e2d2db61
2025-12-30T14:51:03.7733353Z Build Date: 2025-12-11T16:28:49Z
2025-12-30T14:51:03.7734229Z Worker ID: {ac4074e2-01c6-421e-9430-95cedef3ed65}
2025-12-30T14:51:03.7734936Z ##[endgroup]
2025-12-30T14:51:03.7735420Z ##[group]Operating System
2025-12-30T14:51:03.7736045Z Ubuntu
2025-12-30T14:51:03.7736479Z 24.04.3
2025-12-30T14:51:03.7736933Z LTS
2025-12-30T14:51:03.7737432Z ##[endgroup]
2025-12-30T14:51:03.7737922Z ##[group]Runner Image
2025-12-30T14:51:03.7738469Z Image: ubuntu-24.04
2025-12-30T14:51:03.7738969Z Version: 20251215.174.1
2025-12-30T14:51:03.7739989Z Included Software: https://github.com/actions/runner-images/blob/ubuntu24/20251215.174/images/ubuntu/Ubuntu2404-Readme.md
2025-12-30T14:51:03.7741459Z Image Release: https://github.com/actions/runner-images/releases/tag/ubuntu24%2F20251215.174
2025-12-30T14:51:03.7742506Z ##[endgroup]
2025-12-30T14:51:03.7743559Z ##[group]GITHUB_TOKEN Permissions
2025-12-30T14:51:03.7745576Z Contents: write
2025-12-30T14:51:03.7746120Z Metadata: read
2025-12-30T14:51:03.7746579Z PullRequests: write
2025-12-30T14:51:03.7747240Z ##[endgroup]
2025-12-30T14:51:03.7749483Z Secret source: Actions
2025-12-30T14:51:03.7750120Z Prepare workflow directory
2025-12-30T14:51:03.8068234Z Prepare all required actions
2025-12-30T14:51:03.8106344Z Getting action download info
2025-12-30T14:51:04.2749257Z Download action repository 'actions/checkout@11bd71901bbe5b1630ceea73d27597364c9af683' (SHA:11bd71901bbe5b1630ceea73d27597364c9af683)
2025-12-30T14:51:04.4330074Z Download action repository 'actions/setup-python@0b93645e9fea7318ecaed2b359559ac225c90a2b' (SHA:0b93645e9fea7318ecaed2b359559ac225c90a2b)
2025-12-30T14:51:04.6638064Z Complete job name: Vector Tests: Conformance
2025-12-30T14:51:04.7321690Z ##[group]Run actions/checkout@11bd71901bbe5b1630ceea73d27597364c9af683
2025-12-30T14:51:04.7322707Z with:
2025-12-30T14:51:04.7323206Z   repository: M1NDN1NJ4-0RG/RFC-Shared-Agent-Scaffolding
2025-12-30T14:51:04.7324128Z   token: ***
2025-12-30T14:51:04.7324512Z   ssh-strict: true
2025-12-30T14:51:04.7324902Z   ssh-user: git
2025-12-30T14:51:04.7325300Z   persist-credentials: true
2025-12-30T14:51:04.7325756Z   clean: true
2025-12-30T14:51:04.7326150Z   sparse-checkout-cone-mode: true
2025-12-30T14:51:04.7326629Z   fetch-depth: 1
2025-12-30T14:51:04.7327009Z   fetch-tags: false
2025-12-30T14:51:04.7327396Z   show-progress: true
2025-12-30T14:51:04.7327797Z   lfs: false
2025-12-30T14:51:04.7328148Z   submodules: false
2025-12-30T14:51:04.7328546Z   set-safe-directory: true
2025-12-30T14:51:04.7329210Z ##[endgroup]
2025-12-30T14:51:04.8466388Z Syncing repository: M1NDN1NJ4-0RG/RFC-Shared-Agent-Scaffolding
2025-12-30T14:51:04.8469210Z ##[group]Getting Git version info
2025-12-30T14:51:04.8470864Z Working directory is '/home/runner/work/RFC-Shared-Agent-Scaffolding/RFC-Shared-Agent-Scaffolding'
2025-12-30T14:51:04.8473053Z [command]/usr/bin/git version
2025-12-30T14:51:04.8535599Z git version 2.52.0
2025-12-30T14:51:04.8561278Z ##[endgroup]
2025-12-30T14:51:04.8575112Z Temporarily overriding HOME='/home/runner/work/_temp/34a32971-c911-419c-9823-101af9a3ec8a' before making global git config changes
2025-12-30T14:51:04.8577522Z Adding repository directory to the temporary git global config as a safe directory
2025-12-30T14:51:04.8580632Z [command]/usr/bin/git config --global --add safe.directory /home/runner/work/RFC-Shared-Agent-Scaffolding/RFC-Shared-Agent-Scaffolding
2025-12-30T14:51:04.8620510Z Deleting the contents of '/home/runner/work/RFC-Shared-Agent-Scaffolding/RFC-Shared-Agent-Scaffolding'
2025-12-30T14:51:04.8623366Z ##[group]Initializing the repository
2025-12-30T14:51:04.8628029Z [command]/usr/bin/git init /home/runner/work/RFC-Shared-Agent-Scaffolding/RFC-Shared-Agent-Scaffolding
2025-12-30T14:51:04.8758586Z hint: Using 'master' as the name for the initial branch. This default branch name
2025-12-30T14:51:04.8760733Z hint: will change to "main" in Git 3.0. To configure the initial branch name
2025-12-30T14:51:04.8762341Z hint: to use in all of your new repositories, which will suppress this warning,
2025-12-30T14:51:04.8763629Z hint: call:
2025-12-30T14:51:04.8764631Z hint:
2025-12-30T14:51:04.8765445Z hint: 	git config --global init.defaultBranch <name>
2025-12-30T14:51:04.8766476Z hint:
2025-12-30T14:51:04.8767428Z hint: Names commonly chosen instead of 'master' are 'main', 'trunk' and
2025-12-30T14:51:04.8769107Z hint: 'development'. The just-created branch can be renamed via this command:
2025-12-30T14:51:04.8770392Z hint:
2025-12-30T14:51:04.8771079Z hint: 	git branch -m <name>
2025-12-30T14:51:04.8771844Z hint:
2025-12-30T14:51:04.8772863Z hint: Disable this message with "git config set advice.defaultBranchName false"
2025-12-30T14:51:04.8775284Z Initialized empty Git repository in /home/runner/work/RFC-Shared-Agent-Scaffolding/RFC-Shared-Agent-Scaffolding/.git/
2025-12-30T14:51:04.8778573Z [command]/usr/bin/git remote add origin https://github.com/M1NDN1NJ4-0RG/RFC-Shared-Agent-Scaffolding
2025-12-30T14:51:04.8811970Z ##[endgroup]
2025-12-30T14:51:04.8814596Z ##[group]Disabling automatic garbage collection
2025-12-30T14:51:04.8816955Z [command]/usr/bin/git config --local gc.auto 0
2025-12-30T14:51:04.8849112Z ##[endgroup]
2025-12-30T14:51:04.8849818Z ##[group]Setting up auth
2025-12-30T14:51:04.8859632Z [command]/usr/bin/git config --local --name-only --get-regexp core\.sshCommand
2025-12-30T14:51:04.8895496Z [command]/usr/bin/git submodule foreach --recursive sh -c "git config --local --name-only --get-regexp 'core\.sshCommand' && git config --local --unset-all 'core.sshCommand' || :"
2025-12-30T14:51:04.9267502Z [command]/usr/bin/git config --local --name-only --get-regexp http\.https\:\/\/github\.com\/\.extraheader
2025-12-30T14:51:04.9303526Z [command]/usr/bin/git submodule foreach --recursive sh -c "git config --local --name-only --get-regexp 'http\.https\:\/\/github\.com\/\.extraheader' && git config --local --unset-all 'http.https://github.com/.extraheader' || :"
2025-12-30T14:51:04.9519181Z [command]/usr/bin/git config --local http.https://github.com/.extraheader AUTHORIZATION: basic ***
2025-12-30T14:51:04.9553011Z ##[endgroup]
2025-12-30T14:51:04.9554433Z ##[group]Fetching the repository
2025-12-30T14:51:04.9565106Z [command]/usr/bin/git -c protocol.version=2 fetch --no-tags --prune --no-recurse-submodules --depth=1 origin +d13871fb1289b7ae9ae56db1bc1a2ee05b279aa2:refs/remotes/pull/130/merge
2025-12-30T14:51:05.5406201Z From https://github.com/M1NDN1NJ4-0RG/RFC-Shared-Agent-Scaffolding
2025-12-30T14:51:05.5407595Z  * [new ref]         d13871fb1289b7ae9ae56db1bc1a2ee05b279aa2 -> pull/130/merge
2025-12-30T14:51:05.5448005Z ##[endgroup]
2025-12-30T14:51:05.5449370Z ##[group]Determining the checkout info
2025-12-30T14:51:05.5452231Z ##[endgroup]
2025-12-30T14:51:05.5456620Z [command]/usr/bin/git sparse-checkout disable
2025-12-30T14:51:05.5499986Z [command]/usr/bin/git config --local --unset-all extensions.worktreeConfig
2025-12-30T14:51:05.5529463Z ##[group]Checking out the ref
2025-12-30T14:51:05.5533552Z [command]/usr/bin/git checkout --progress --force refs/remotes/pull/130/merge
2025-12-30T14:51:05.5922989Z Note: switching to 'refs/remotes/pull/130/merge'.
2025-12-30T14:51:05.5924386Z 
2025-12-30T14:51:05.5925228Z You are in 'detached HEAD' state. You can look around, make experimental
2025-12-30T14:51:05.5926985Z changes and commit them, and you can discard any commits you make in this
2025-12-30T14:51:05.5928196Z state without impacting any branches by switching back to a branch.
2025-12-30T14:51:05.5928879Z 
2025-12-30T14:51:05.5929471Z If you want to create a new branch to retain commits you create, you may
2025-12-30T14:51:05.5931341Z do so (now or later) by using -c with the switch command. Example:
2025-12-30T14:51:05.5932443Z 
2025-12-30T14:51:05.5933009Z   git switch -c <new-branch-name>
2025-12-30T14:51:05.5934091Z 
2025-12-30T14:51:05.5934431Z Or undo this operation with:
2025-12-30T14:51:05.5934932Z 
2025-12-30T14:51:05.5935201Z   git switch -
2025-12-30T14:51:05.5935591Z 
2025-12-30T14:51:05.5936181Z Turn off this advice by setting config variable advice.detachedHead to false
2025-12-30T14:51:05.5937066Z 
2025-12-30T14:51:05.5938079Z HEAD is now at d13871f Merge 1260744479dfd1063e7b851fed4d0f27c11f5d51 into f227266c3f6463f0a986ee4d521673a34e0e8803
2025-12-30T14:51:05.5941191Z ##[endgroup]
2025-12-30T14:51:05.5968335Z [command]/usr/bin/git log -1 --format=%H
2025-12-30T14:51:05.5989594Z d13871fb1289b7ae9ae56db1bc1a2ee05b279aa2
2025-12-30T14:51:05.6305810Z ##[group]Run actions/setup-python@0b93645e9fea7318ecaed2b359559ac225c90a2b
2025-12-30T14:51:05.6307367Z with:
2025-12-30T14:51:05.6308190Z   python-version: 3.11
2025-12-30T14:51:05.6309145Z   check-latest: false
2025-12-30T14:51:05.6310317Z   token: ***
2025-12-30T14:51:05.6311177Z   update-environment: true
2025-12-30T14:51:05.6312192Z   allow-prereleases: false
2025-12-30T14:51:05.6313189Z ##[endgroup]
2025-12-30T14:51:05.7880178Z ##[group]Installed versions
2025-12-30T14:51:05.7994180Z Successfully set up CPython (3.11.14)
2025-12-30T14:51:05.7996551Z ##[endgroup]
2025-12-30T14:51:05.8129531Z ##[group]Run python3 -m pip install --upgrade pip
2025-12-30T14:51:05.8130525Z [36;1mpython3 -m pip install --upgrade pip[0m
2025-12-30T14:51:05.8131358Z [36;1mpython3 -m pip install pytest[0m
2025-12-30T14:51:05.8180822Z shell: /usr/bin/bash -e {0}
2025-12-30T14:51:05.8181571Z env:
2025-12-30T14:51:05.8182331Z   pythonLocation: /opt/hostedtoolcache/Python/3.11.14/x64
2025-12-30T14:51:05.8183355Z   PKG_CONFIG_PATH: /opt/hostedtoolcache/Python/3.11.14/x64/lib/pkgconfig
2025-12-30T14:51:05.8184644Z   Python_ROOT_DIR: /opt/hostedtoolcache/Python/3.11.14/x64
2025-12-30T14:51:05.8185577Z   Python2_ROOT_DIR: /opt/hostedtoolcache/Python/3.11.14/x64
2025-12-30T14:51:05.8186500Z   Python3_ROOT_DIR: /opt/hostedtoolcache/Python/3.11.14/x64
2025-12-30T14:51:05.8187434Z   LD_LIBRARY_PATH: /opt/hostedtoolcache/Python/3.11.14/x64/lib
2025-12-30T14:51:05.8188289Z ##[endgroup]
2025-12-30T14:51:06.9178002Z Requirement already satisfied: pip in /opt/hostedtoolcache/Python/3.11.14/x64/lib/python3.11/site-packages (25.3)
2025-12-30T14:51:07.7545823Z Collecting pytest
2025-12-30T14:51:07.8091601Z   Downloading pytest-9.0.2-py3-none-any.whl.metadata (7.6 kB)
2025-12-30T14:51:07.8228978Z Collecting iniconfig>=1.0.1 (from pytest)
2025-12-30T14:51:07.8261163Z   Downloading iniconfig-2.3.0-py3-none-any.whl.metadata (2.5 kB)
2025-12-30T14:51:07.8424060Z Collecting packaging>=22 (from pytest)
2025-12-30T14:51:07.8455464Z   Downloading packaging-25.0-py3-none-any.whl.metadata (3.3 kB)
2025-12-30T14:51:07.8614523Z Collecting pluggy<2,>=1.5 (from pytest)
2025-12-30T14:51:07.8650648Z   Downloading pluggy-1.6.0-py3-none-any.whl.metadata (4.8 kB)
2025-12-30T14:51:07.8884502Z Collecting pygments>=2.7.2 (from pytest)
2025-12-30T14:51:07.8914787Z   Downloading pygments-2.19.2-py3-none-any.whl.metadata (2.5 kB)
2025-12-30T14:51:07.9004919Z Downloading pytest-9.0.2-py3-none-any.whl (374 kB)
2025-12-30T14:51:07.9254555Z Downloading pluggy-1.6.0-py3-none-any.whl (20 kB)
2025-12-30T14:51:07.9305133Z Downloading iniconfig-2.3.0-py3-none-any.whl (7.5 kB)
2025-12-30T14:51:07.9354917Z Downloading packaging-25.0-py3-none-any.whl (66 kB)
2025-12-30T14:51:07.9414681Z Downloading pygments-2.19.2-py3-none-any.whl (1.2 MB)
2025-12-30T14:51:07.9531444Z    ━━━━━━━━━━━━━━━━━━━━━━━━━━━━━━━━━━━━━━━━ 1.2/1.2 MB 111.7 MB/s  0:00:00
2025-12-30T14:51:07.9769906Z Installing collected packages: pygments, pluggy, packaging, iniconfig, pytest
2025-12-30T14:51:09.7106501Z 
2025-12-30T14:51:09.7117110Z Successfully installed iniconfig-2.3.0 packaging-25.0 pluggy-1.6.0 pygments-2.19.2 pytest-9.0.2
2025-12-30T14:51:09.7636098Z ##[group]Run python3 -m pytest tools/repo_lint/tests/test_vectors.py -v
2025-12-30T14:51:09.7636643Z [36;1mpython3 -m pytest tools/repo_lint/tests/test_vectors.py -v[0m
2025-12-30T14:51:09.7670990Z shell: /usr/bin/bash -e {0}
2025-12-30T14:51:09.7671432Z env:
2025-12-30T14:51:09.7671685Z   pythonLocation: /opt/hostedtoolcache/Python/3.11.14/x64
2025-12-30T14:51:09.7672109Z   PKG_CONFIG_PATH: /opt/hostedtoolcache/Python/3.11.14/x64/lib/pkgconfig
2025-12-30T14:51:09.7672521Z   Python_ROOT_DIR: /opt/hostedtoolcache/Python/3.11.14/x64
2025-12-30T14:51:09.7672900Z   Python2_ROOT_DIR: /opt/hostedtoolcache/Python/3.11.14/x64
2025-12-30T14:51:09.7673269Z   Python3_ROOT_DIR: /opt/hostedtoolcache/Python/3.11.14/x64
2025-12-30T14:51:09.7673670Z   LD_LIBRARY_PATH: /opt/hostedtoolcache/Python/3.11.14/x64/lib
2025-12-30T14:51:09.7674255Z ##[endgroup]
2025-12-30T14:51:09.9973065Z ============================= test session starts ==============================
2025-12-30T14:51:09.9974279Z platform linux -- Python 3.11.14, pytest-9.0.2, pluggy-1.6.0 -- /opt/hostedtoolcache/Python/3.11.14/x64/bin/python3
2025-12-30T14:51:09.9975246Z cachedir: .pytest_cache
2025-12-30T14:51:09.9975883Z rootdir: /home/runner/work/RFC-Shared-Agent-Scaffolding/RFC-Shared-Agent-Scaffolding
2025-12-30T14:51:09.9976419Z configfile: pyproject.toml
2025-12-30T14:51:10.0149580Z collecting ... collected 6 items
2025-12-30T14:51:10.0149940Z 
2025-12-30T14:51:10.0726920Z tools/repo_lint/tests/test_vectors.py::test_python_docstring_vectors PASSED [ 16%]
2025-12-30T14:51:10.0738805Z tools/repo_lint/tests/test_vectors.py::test_bash_docstring_vectors SKIPPED [ 33%]
2025-12-30T14:51:10.0750318Z tools/repo_lint/tests/test_vectors.py::test_powershell_docstring_vectors SKIPPED [ 50%]
2025-12-30T14:51:10.0761191Z tools/repo_lint/tests/test_vectors.py::test_perl_docstring_vectors SKIPPED [ 66%]
2025-12-30T14:51:10.0779372Z tools/repo_lint/tests/test_vectors.py::test_vector_fixtures_exist PASSED [ 83%]
2025-12-30T14:51:10.1026064Z tools/repo_lint/tests/test_vectors.py::test_vector_schema_validation PASSED [100%]
2025-12-30T14:51:10.1026774Z 
2025-12-30T14:51:10.1027101Z ========================= 3 passed, 3 skipped in 0.08s =========================
2025-12-30T14:51:10.1277096Z Post job cleanup.
2025-12-30T14:51:10.2822249Z Post job cleanup.
2025-12-30T14:51:10.3768608Z [command]/usr/bin/git version
2025-12-30T14:51:10.3806760Z git version 2.52.0
2025-12-30T14:51:10.3850555Z Temporarily overriding HOME='/home/runner/work/_temp/942f9758-5807-4258-852a-383adf3b064c' before making global git config changes
2025-12-30T14:51:10.3851957Z Adding repository directory to the temporary git global config as a safe directory
2025-12-30T14:51:10.3857145Z [command]/usr/bin/git config --global --add safe.directory /home/runner/work/RFC-Shared-Agent-Scaffolding/RFC-Shared-Agent-Scaffolding
2025-12-30T14:51:10.3891178Z [command]/usr/bin/git config --local --name-only --get-regexp core\.sshCommand
2025-12-30T14:51:10.3923251Z [command]/usr/bin/git submodule foreach --recursive sh -c "git config --local --name-only --get-regexp 'core\.sshCommand' && git config --local --unset-all 'core.sshCommand' || :"
2025-12-30T14:51:10.4150556Z [command]/usr/bin/git config --local --name-only --get-regexp http\.https\:\/\/github\.com\/\.extraheader
2025-12-30T14:51:10.4170871Z http.https://github.com/.extraheader
2025-12-30T14:51:10.4184141Z [command]/usr/bin/git config --local --unset-all http.https://github.com/.extraheader
2025-12-30T14:51:10.4213661Z [command]/usr/bin/git submodule foreach --recursive sh -c "git config --local --name-only --get-regexp 'http\.https\:\/\/github\.com\/\.extraheader' && git config --local --unset-all 'http.https://github.com/.extraheader' || :"
2025-12-30T14:51:10.4532524Z Cleaning up orphan processes
